// Jest Snapshot v1, https://goo.gl/fbAQLP

exports[`Logo snapshot 1`] = `
<span>
  <strong>
    netflix
  </strong>
  roulette
</span>
`;
